#-----------------------------------------------------------
# Vivado v2023.1 (64-bit)
# SW Build 3865809 on Sun May  7 15:04:56 MDT 2023
# IP Build 3864474 on Sun May  7 20:36:21 MDT 2023
# SharedData Build 3865790 on Sun May 07 13:33:03 MDT 2023
# Start of session at: Mon Mar 24 20:16:46 2025
# Process ID: 83835
# Current directory: /home/daniel/github/STRATHCube-Downlink-2425/Admin/Interim-Report
# Command line: vivado
# Log file: /home/daniel/github/STRATHCube-Downlink-2425/Admin/Interim-Report/vivado.log
# Journal file: /home/daniel/github/STRATHCube-Downlink-2425/Admin/Interim-Report/vivado.jou
# Running On: Sure-Hope-It-Does, OS: Linux, CPU Frequency: 3265.389 MHz, CPU Physical cores: 16, Host memory: 32918 MB
#-----------------------------------------------------------
start_gui
open_project /home/daniel/github/STRATHCube-Downlink-2425/MATLAB_Files/Transmitter/dvb-axis/hdl_prj/vivado_ip_prj/vivado_prj.xpr
update_compile_order -fileset sources_1
launch_runs impl_1 -jobs 8
wait_on_run impl_1
