#-----------------------------------------------------------
# Vivado v2023.1 (64-bit)
# SW Build 3865809 on Sun May  7 15:04:56 MDT 2023
# IP Build 3864474 on Sun May  7 20:36:21 MDT 2023
# SharedData Build 3865790 on Sun May 07 13:33:03 MDT 2023
# Start of session at: Tue Jan 14 13:12:08 2025
# Process ID: 33939
# Current directory: /home/daniel/Documents/MATLAB/Examples/R2024b/xilinxzynqbasedradio/HWSWCoDesignWithAXI4StreamUsingAnalogDevicesAD9361AD9364Example/hdl_prj/vivado_ip_prj
# Command line: vivado -mode batch -notrace -source vivado_create_prj.tcl
# Log file: /home/daniel/Documents/MATLAB/Examples/R2024b/xilinxzynqbasedradio/HWSWCoDesignWithAXI4StreamUsingAnalogDevicesAD9361AD9364Example/hdl_prj/vivado_ip_prj/vivado.log
# Journal file: /home/daniel/Documents/MATLAB/Examples/R2024b/xilinxzynqbasedradio/HWSWCoDesignWithAXI4StreamUsingAnalogDevicesAD9361AD9364Example/hdl_prj/vivado_ip_prj/vivado.jou
# Running On: Sure-Hope-It-Does, OS: Linux, CPU Frequency: 3051.636 MHz, CPU Physical cores: 16, Host memory: 32919 MB
#-----------------------------------------------------------
source vivado_create_prj.tcl -notrace
