#-----------------------------------------------------------
# Vivado v2023.1 (64-bit)
# SW Build 3865809 on Sun May  7 15:04:56 MDT 2023
# IP Build 3864474 on Sun May  7 20:36:21 MDT 2023
# SharedData Build 3865790 on Sun May 07 13:33:03 MDT 2023
# Start of session at: Tue Apr  1 14:48:07 2025
# Process ID: 17454
# Current directory: /home/daniel/github/STRATHCube-Downlink-2425/MATLAB_Files/Transmitter
# Command line: vivado
# Log file: /home/daniel/github/STRATHCube-Downlink-2425/MATLAB_Files/Transmitter/vivado.log
# Journal file: /home/daniel/github/STRATHCube-Downlink-2425/MATLAB_Files/Transmitter/vivado.jou
# Running On: Sure-Hope-It-Does, OS: Linux, CPU Frequency: 2978.868 MHz, CPU Physical cores: 16, Host memory: 32918 MB
#-----------------------------------------------------------
start_gui
open_project /home/daniel/github/STRATHCube-Downlink-2425/MATLAB_Files/Transmitter/dvb-axis/hdl_prj/vivado_ip_prj/vivado_prj.xpr
xhub::refresh_catalog [xhub::get_xstores xilinx_board_store]
xhub::install [xhub::get_xitems]
xhub::get_xitems
report_property [lindex [xhub::get_xitems] 0]
report_property [lindex [xhub::get_xitems] 1]
xhub::install [xhub::get_xitems zedboard]
xhub::install [xhub::get_xitems *zed*]
xhub::get_xitems *zed*
xhub::install [xhub::get_xitems *zedboard*]
set_param board.repoPaths [get_property LOCAL_ROOT_DIR [xhub::get_xstores xilinx_board_store]]
echo LOCAL_ROOT_DIR
echo $LOCAL_ROOT_DIR
LOCAL_ROOT_DIR
get_board_parts
get_board_parts *zed*
get_board_parts zed
get_board_parts *zed:part0:1.0
get_board_parts *zed:part0:1.0*
get_board_parts *zed:*
get_board_parts *zedboard*
get_board_parts *zedboard*
set_param board.repoPaths [get_property LOCAL_ROOT_DIR [xhub::get_xstores xilinx_board_store]]
get_board_parts *zedboard*
get_board_parts *zed*
get_board_parts *zed:*
get_board_parts *zed*0.1.0
get_board_parts 0.1.0
get_board_parts *0.1.0
get_board_parts *zed*0.1.0*
xhub::refresh_catalog [xhub::get_xstores xilinx_board_store]
set_param board.repoPaths {/home/daniel/.Xilinx/Vivado/2023.1/xhub/board_store/xilinx_board_store /home/daniel/github/STRATHCube-Downlink-2425/MATLAB_Files/Transmitter/dvb-axis/board-def}
set_param board.repoPaths {/home/daniel/.Xilinx/Vivado/2023.1/xhub/board_store/xilinx_board_store /home/daniel/Vivado-Files/Board-Repo}
set_param board.repoPaths {/home/daniel/.Xilinx/Vivado/2023.1/xhub/board_store/xilinx_board_store /home/daniel/Vivado-Files/Board-Repo}
set_param board.repoPaths {/home/daniel/.Xilinx/Vivado/2023.1/xhub/board_store/xilinx_board_store /home/daniel/Vivado-Files/Board-Repo}
set_param board.repoPaths {/home/daniel/.Xilinx/Vivado/2023.1/xhub/board_store/xilinx_board_store /home/daniel/Vivado-Files/Board-Repo}
set_param board.repoPaths {/home/daniel/.Xilinx/Vivado/2023.1/xhub/board_store/xilinx_board_store}
set_param board.repoPaths {/home/daniel/.Xilinx/Vivado/2023.1/xhub/board_store/xilinx_board_store /home/daniel/Vivado-Files/Board-Repo}
get_param board.repoPaths
